[INFO] [launch]: All log files can be found below /home/raj123/.ros/log/2026-04-26-14-16-23-466028-Prithvi-155580
[INFO] [launch]: Default logging verbosity is set to INFO
[INFO] [static_transform_publisher-1]: process started with pid [155584]
[INFO] [robot_state_publisher-2]: process started with pid [155585]
[INFO] [move_group-3]: process started with pid [155586]
[INFO] [rviz2-4]: process started with pid [155587]
[INFO] [ros2_control_node-5]: process started with pid [155588]
[INFO] [spawner-6]: process started with pid [155589]
[INFO] [spawner-7]: process started with pid [155590]
[static_transform_publisher-1] [INFO] [1777205784.301428964] [static_transform_publisher0]: Spinning until stopped - publishing transform
[static_transform_publisher-1] translation: ('0.000000', '0.000000', '0.000000')
[static_transform_publisher-1] rotation: ('0.000000', '0.000000', '0.000000', '1.000000')
[static_transform_publisher-1] from 'world' to 'base_link'
[ros2_control_node-5] [INFO] [1777205784.324158529] [controller_manager]: Using Steady (Monotonic) clock for triggering controller manager cycles.
[robot_state_publisher-2] [INFO] [1777205784.326988108] [robot_state_publisher]: Robot initialized
[ros2_control_node-5] [INFO] [1777205784.335144984] [controller_manager]: Subscribing to '/robot_description' topic for robot description.
[ros2_control_node-5] [INFO] [1777205784.343840398] [controller_manager]: update rate is 100 Hz
[ros2_control_node-5] [INFO] [1777205784.343915387] [controller_manager]: Overruns handling is : enabled
[ros2_control_node-5] [INFO] [1777205784.343922628] [controller_manager]: Spawning controller_manager RT thread with scheduler priority: 50
[ros2_control_node-5] [WARN] [1777205784.344124060] [controller_manager]: Could not enable FIFO RT scheduling policy: with error number <1>(Operation not permitted). See [https://control.ros.org/master/doc/ros2_control/controller_manager/doc/userdoc.html] for details on how to enable realtime scheduling.
[ros2_control_node-5] [INFO] [1777205784.345081579] [controller_manager]: Received robot description from topic.
[ros2_control_node-5] [INFO] [1777205784.345169603] [controller_manager]: Enforcing command limits is disabled. Command limits from URDF will be ignored.
[ros2_control_node-5] [INFO] [1777205784.352559248] [controller_manager]: Loading hardware 'FakeSystem' 
[ros2_control_node-5] [INFO] [1777205784.355808761] [controller_manager]: Loaded hardware 'FakeSystem' from plugin 'mock_components/GenericSystem'
[ros2_control_node-5] [INFO] [1777205784.356995172] [controller_manager]: Initialize hardware 'FakeSystem' 
[ros2_control_node-5] [INFO] [1777205784.366275696] [controller_manager]: Successful initialization of hardware 'FakeSystem'
[ros2_control_node-5] [INFO] [1777205784.369142005] [controller_manager]: Activating component 'FakeSystem'.
[ros2_control_node-5] [INFO] [1777205784.369380483] [resource_manager]: 'configure' hardware 'FakeSystem' 
[ros2_control_node-5] [INFO] [1777205784.370136907] [resource_manager]: Successful 'configure' of hardware 'FakeSystem'
[ros2_control_node-5] [INFO] [1777205784.370165244] [resource_manager]: 'activate' hardware 'FakeSystem' 
[ros2_control_node-5] [INFO] [1777205784.370178610] [resource_manager]: Successful 'activate' of hardware 'FakeSystem'
[ros2_control_node-5] [INFO] [1777205784.370312287] [controller_manager]: Registering statistics for : FakeSystem
[ros2_control_node-5] [INFO] [1777205784.371124253] [controller_manager]: Resource Manager has been successfully initialized. Starting Controller Manager services...
[move_group-3] [INFO] [1777205784.482929779] [move_group.moveit.moveit.ros.rdf_loader]: Loaded robot model in 0.00803127 seconds
[move_group-3] [INFO] [1777205784.483503508] [move_group.moveit.moveit.core.robot_model]: Loading robot model 'my_robot'...
[move_group-3] [INFO] [1777205784.497643014] [move_group.moveit.moveit.kinematics.kdl_kinematics_plugin]: Joint weights for group 'arm': 1 1 1 1 1 1
[rviz2-4] QStandardPaths: wrong permissions on runtime directory /run/user/1000/, 0755 instead of 0700
[move_group-3] [INFO] [1777205784.556144649] [move_group.moveit.moveit.ros.planning_scene_monitor]: Publishing maintained planning scene on 'monitored_planning_scene'
[move_group-3] [INFO] [1777205784.556874336] [move_group.moveit.moveit.ros.moveit_cpp]: Listening to 'joint_states' for joint states
[move_group-3] [INFO] [1777205784.559308839] [move_group.moveit.moveit.ros.current_state_monitor]: Listening to joint states on topic 'joint_states'
[move_group-3] [INFO] [1777205784.562096243] [move_group.moveit.moveit.ros.planning_scene_monitor]: Listening to '/attached_collision_object' for attached collision objects
[move_group-3] [INFO] [1777205784.562204510] [move_group.moveit.moveit.ros.planning_scene_monitor]: Stopping existing planning scene publisher.
[move_group-3] [INFO] [1777205784.562839857] [move_group.moveit.moveit.ros.planning_scene_monitor]: Stopped publishing maintained planning scene.
[move_group-3] [INFO] [1777205784.564543832] [move_group.moveit.moveit.ros.planning_scene_monitor]: Publishing maintained planning scene on 'monitored_planning_scene'
[move_group-3] [INFO] [1777205784.564730732] [move_group.moveit.moveit.ros.planning_scene_monitor]: Starting planning scene monitor
[move_group-3] [INFO] [1777205784.567251615] [move_group.moveit.moveit.ros.planning_scene_monitor]: Listening to '/planning_scene'
[move_group-3] [INFO] [1777205784.567314542] [move_group.moveit.moveit.ros.planning_scene_monitor]: Starting world geometry update monitor for collision objects, attached objects, octomap updates.
[move_group-3] [INFO] [1777205784.568014904] [move_group.moveit.moveit.ros.planning_scene_monitor]: Listening to 'collision_object'
[move_group-3] [INFO] [1777205784.568707257] [move_group.moveit.moveit.ros.planning_scene_monitor]: Listening to 'planning_scene_world' for planning scene world geometry
[move_group-3] [WARN] [1777205784.570004751] [move_group.moveit.moveit.ros.occupancy_map_monitor]: Resolution not specified for Octomap. Assuming resolution = 0.1 instead
[move_group-3] [ERROR] [1777205784.570082018] [move_group.moveit.moveit.ros.occupancy_map_monitor]: No 3D sensor plugin(s) defined for octomap updates
[move_group-3] [INFO] [1777205784.644709853] [move_group.moveit.moveit.ros.planning_pipeline]: Successfully loaded planner 'OMPL'
[move_group-3] [INFO] [1777205784.646356513] [move_group]: Try loading adapter 'default_planning_request_adapters/ResolveConstraintFrames'
[move_group-3] [INFO] [1777205784.649698742] [move_group]: Loaded adapter 'default_planning_request_adapters/ResolveConstraintFrames'
[move_group-3] [INFO] [1777205784.649764918] [move_group]: Try loading adapter 'default_planning_request_adapters/ValidateWorkspaceBounds'
[move_group-3] [INFO] [1777205784.650850202] [move_group]: Loaded adapter 'default_planning_request_adapters/ValidateWorkspaceBounds'
[move_group-3] [INFO] [1777205784.650889758] [move_group]: Try loading adapter 'default_planning_request_adapters/CheckStartStateBounds'
[move_group-3] [INFO] [1777205784.651288705] [move_group]: Loaded adapter 'default_planning_request_adapters/CheckStartStateBounds'
[move_group-3] [INFO] [1777205784.651320792] [move_group]: Try loading adapter 'default_planning_request_adapters/CheckStartStateCollision'
[move_group-3] [INFO] [1777205784.651347415] [move_group]: Loaded adapter 'default_planning_request_adapters/CheckStartStateCollision'
[move_group-3] [INFO] [1777205784.652276967] [move_group]: Try loading adapter 'default_planning_response_adapters/AddTimeOptimalParameterization'
[move_group-3] [INFO] [1777205784.665843850] [move_group]: Loaded adapter 'default_planning_response_adapters/AddTimeOptimalParameterization'
[move_group-3] [INFO] [1777205784.665900323] [move_group]: Try loading adapter 'default_planning_response_adapters/ValidateSolution'
[move_group-3] [INFO] [1777205784.671656113] [move_group]: Loaded adapter 'default_planning_response_adapters/ValidateSolution'
[move_group-3] [INFO] [1777205784.671734352] [move_group]: Try loading adapter 'default_planning_response_adapters/DisplayMotionPath'
[move_group-3] [INFO] [1777205784.673551000] [move_group]: Loaded adapter 'default_planning_response_adapters/DisplayMotionPath'
[move_group-3] [INFO] [1777205784.684299060] [move_group.moveit.moveit.ros.planning_pipeline]: Successfully loaded planner 'CHOMP'
[move_group-3] [INFO] [1777205784.685168724] [move_group]: Try loading adapter 'default_planning_request_adapters/ResolveConstraintFrames'
[move_group-3] [INFO] [1777205784.685319189] [move_group]: Loaded adapter 'default_planning_request_adapters/ResolveConstraintFrames'
[move_group-3] [INFO] [1777205784.685326778] [move_group]: Try loading adapter 'default_planning_request_adapters/ValidateWorkspaceBounds'
[move_group-3] [INFO] [1777205784.685588405] [move_group]: Loaded adapter 'default_planning_request_adapters/ValidateWorkspaceBounds'
[move_group-3] [INFO] [1777205784.685610495] [move_group]: Try loading adapter 'default_planning_request_adapters/CheckStartStateBounds'
[move_group-3] [INFO] [1777205784.685643555] [move_group]: Loaded adapter 'default_planning_request_adapters/CheckStartStateBounds'
[move_group-3] [INFO] [1777205784.685650773] [move_group]: Try loading adapter 'default_planning_request_adapters/CheckStartStateCollision'
[move_group-3] [INFO] [1777205784.685665345] [move_group]: Loaded adapter 'default_planning_request_adapters/CheckStartStateCollision'
[move_group-3] [INFO] [1777205784.686890442] [move_group]: Try loading adapter 'default_planning_response_adapters/AddTimeOptimalParameterization'
[move_group-3] [INFO] [1777205784.687769463] [move_group]: Loaded adapter 'default_planning_response_adapters/AddTimeOptimalParameterization'
[move_group-3] [INFO] [1777205784.687810273] [move_group]: Try loading adapter 'default_planning_response_adapters/ValidateSolution'
[move_group-3] [INFO] [1777205784.688272122] [move_group]: Loaded adapter 'default_planning_response_adapters/ValidateSolution'
[move_group-3] [INFO] [1777205784.688300585] [move_group]: Try loading adapter 'default_planning_response_adapters/DisplayMotionPath'
[move_group-3] [INFO] [1777205784.689048578] [move_group]: Loaded adapter 'default_planning_response_adapters/DisplayMotionPath'
[move_group-3] [INFO] [1777205784.700369086] [move_group.moveit.moveit.ros.planning_pipeline]: Successfully loaded planner 'STOMP'
[move_group-3] [INFO] [1777205784.701907936] [move_group]: Try loading adapter 'default_planning_request_adapters/ResolveConstraintFrames'
[move_group-3] [INFO] [1777205784.702107259] [move_group]: Loaded adapter 'default_planning_request_adapters/ResolveConstraintFrames'
[move_group-3] [INFO] [1777205784.702125234] [move_group]: Try loading adapter 'default_planning_request_adapters/ValidateWorkspaceBounds'
[move_group-3] [INFO] [1777205784.702773060] [move_group]: Loaded adapter 'default_planning_request_adapters/ValidateWorkspaceBounds'
[move_group-3] [INFO] [1777205784.702807570] [move_group]: Try loading adapter 'default_planning_request_adapters/CheckStartStateBounds'
[move_group-3] [INFO] [1777205784.702865747] [move_group]: Loaded adapter 'default_planning_request_adapters/CheckStartStateBounds'
[move_group-3] [INFO] [1777205784.702874033] [move_group]: Try loading adapter 'default_planning_request_adapters/CheckStartStateCollision'
[move_group-3] [INFO] [1777205784.702890632] [move_group]: Loaded adapter 'default_planning_request_adapters/CheckStartStateCollision'
[move_group-3] [INFO] [1777205784.703924662] [move_group]: Try loading adapter 'default_planning_response_adapters/AddTimeOptimalParameterization'
[move_group-3] [INFO] [1777205784.705035556] [move_group]: Loaded adapter 'default_planning_response_adapters/AddTimeOptimalParameterization'
[move_group-3] [INFO] [1777205784.705078319] [move_group]: Try loading adapter 'default_planning_response_adapters/ValidateSolution'
[move_group-3] [INFO] [1777205784.706128271] [move_group]: Loaded adapter 'default_planning_response_adapters/ValidateSolution'
[move_group-3] [INFO] [1777205784.706194565] [move_group]: Try loading adapter 'default_planning_response_adapters/DisplayMotionPath'
[move_group-3] [INFO] [1777205784.708203056] [move_group]: Loaded adapter 'default_planning_response_adapters/DisplayMotionPath'
[move_group-3] [INFO] [1777205784.718355260] [move_group.moveit.moveit.planners.pilz.joint_limits_aggregator]: Reading limits from namespace robot_description_planning
[move_group-3] [INFO] [1777205784.731240010] [move_group.moveit.moveit.planners.pilz.command_planner]: Available plugins: pilz_industrial_motion_planner/PlanningContextLoaderCIRC pilz_industrial_motion_planner/PlanningContextLoaderLIN pilz_industrial_motion_planner/PlanningContextLoaderPTP 
[move_group-3] [INFO] [1777205784.731621484] [move_group.moveit.moveit.planners.pilz.command_planner]: About to load: pilz_industrial_motion_planner/PlanningContextLoaderCIRC
[move_group-3] [INFO] [1777205784.738590867] [move_group.moveit.moveit.planners.pilz.command_planner]: Registered Algorithm [CIRC]
[move_group-3] [INFO] [1777205784.738803570] [move_group.moveit.moveit.planners.pilz.command_planner]: About to load: pilz_industrial_motion_planner/PlanningContextLoaderLIN
[move_group-3] [INFO] [1777205784.741034442] [move_group.moveit.moveit.planners.pilz.command_planner]: Registered Algorithm [LIN]
[move_group-3] [INFO] [1777205784.741108776] [move_group.moveit.moveit.planners.pilz.command_planner]: About to load: pilz_industrial_motion_planner/PlanningContextLoaderPTP
[move_group-3] [INFO] [1777205784.742708925] [move_group.moveit.moveit.planners.pilz.command_planner]: Registered Algorithm [PTP]
[move_group-3] [INFO] [1777205784.742783043] [move_group.moveit.moveit.ros.planning_pipeline]: Successfully loaded planner 'Pilz Industrial Motion Planner'
[move_group-3] [INFO] [1777205784.743753154] [move_group]: Try loading adapter 'default_planning_request_adapters/ResolveConstraintFrames'
[move_group-3] [INFO] [1777205784.743933156] [move_group]: Loaded adapter 'default_planning_request_adapters/ResolveConstraintFrames'
[move_group-3] [INFO] [1777205784.743943610] [move_group]: Try loading adapter 'default_planning_request_adapters/ValidateWorkspaceBounds'
[move_group-3] [INFO] [1777205784.744388078] [move_group]: Loaded adapter 'default_planning_request_adapters/ValidateWorkspaceBounds'
[move_group-3] [INFO] [1777205784.744406780] [move_group]: Try loading adapter 'default_planning_request_adapters/CheckStartStateBounds'
[move_group-3] [INFO] [1777205784.744438629] [move_group]: Loaded adapter 'default_planning_request_adapters/CheckStartStateBounds'
[move_group-3] [INFO] [1777205784.744445008] [move_group]: Try loading adapter 'default_planning_request_adapters/CheckStartStateCollision'
[move_group-3] [INFO] [1777205784.744461929] [move_group]: Loaded adapter 'default_planning_request_adapters/CheckStartStateCollision'
[move_group-3] [INFO] [1777205784.745503343] [move_group]: Try loading adapter 'default_planning_response_adapters/ValidateSolution'
[move_group-3] [INFO] [1777205784.746778987] [move_group]: Loaded adapter 'default_planning_response_adapters/ValidateSolution'
[move_group-3] [INFO] [1777205784.746821754] [move_group]: Try loading adapter 'default_planning_response_adapters/DisplayMotionPath'
[move_group-3] [INFO] [1777205784.747893863] [move_group]: Loaded adapter 'default_planning_response_adapters/DisplayMotionPath'
[move_group-3] [INFO] [1777205784.825608997] [move_group.moveit.moveit.plugins.simple_controller_manager]: Added FollowJointTrajectory controller for arm_controller
[move_group-3] [INFO] [1777205784.826121691] [move_group.moveit.moveit.plugins.simple_controller_manager]: Returned 1 controllers in list
[move_group-3] [INFO] [1777205784.826208661] [move_group.moveit.moveit.plugins.simple_controller_manager]: Returned 1 controllers in list
[move_group-3] [INFO] [1777205784.827556583] [move_group.moveit.moveit.ros.trajectory_execution_manager]: Trajectory execution is managing controllers
[move_group-3] [INFO] [1777205784.827648624] [move_group]: MoveGroup debug mode is ON
[move_group-3] [INFO] [1777205784.895854512] [move_group.moveit.moveit.planners.pilz.move_group_sequence_action]: initialize move group sequence action
[move_group-3] [INFO] [1777205784.905483188] [move_group.moveit.moveit.planners.pilz.joint_limits_aggregator]: Reading limits from namespace robot_description_planning
[move_group-3] [INFO] [1777205784.906009770] [move_group.moveit.moveit.planners.pilz.joint_limits_aggregator]: Reading limits from namespace robot_description_planning
[move_group-3] [INFO] [1777205784.909534886] [move_group.moveit.moveit.ros.move_group.executable]: 
[move_group-3] 
[move_group-3] ********************************************************
[move_group-3] * MoveGroup using: 
[move_group-3] *     - apply_planning_scene_service
[move_group-3] *     - clear_octomap_service
[move_group-3] *     - get_group_urdf
[move_group-3] *     - load_geometry_from_file
[move_group-3] *     - CartesianPathService
[move_group-3] *     - execute_trajectory_action
[move_group-3] *     - get_planning_scene_service
[move_group-3] *     - kinematics_service
[move_group-3] *     - move_action
[move_group-3] *     - motion_plan_service
[move_group-3] *     - query_planners_service
[move_group-3] *     - state_validation_service
[move_group-3] *     - save_geometry_to_file
[move_group-3] *     - SequenceAction
[move_group-3] *     - SequenceService
[move_group-3] ********************************************************
[move_group-3] 
[move_group-3] [INFO] [1777205784.909720040] [move_group.moveit.moveit.ros.move_group.context]: MoveGroup context using pipeline ompl
[move_group-3] [INFO] [1777205784.909745648] [move_group.moveit.moveit.ros.move_group.context]: MoveGroup context initialization complete
[move_group-3] [96mLoading 'move_group/ApplyPlanningSceneService'...[0m
[move_group-3] [96mLoading 'move_group/ClearOctomapService'...[0m
[move_group-3] [96mLoading 'move_group/GetUrdfService'...[0m
[move_group-3] [96mLoading 'move_group/LoadGeometryFromFileService'...[0m
[move_group-3] [96mLoading 'move_group/MoveGroupCartesianPathService'...[0m
[move_group-3] [96mLoading 'move_group/MoveGroupExecuteTrajectoryAction'...[0m
[move_group-3] [96mLoading 'move_group/MoveGroupGetPlanningSceneService'...[0m
[move_group-3] [96mLoading 'move_group/MoveGroupKinematicsService'...[0m
[move_group-3] [96mLoading 'move_group/MoveGroupMoveAction'...[0m
[move_group-3] [96mLoading 'move_group/MoveGroupPlanService'...[0m
[move_group-3] [96mLoading 'move_group/MoveGroupQueryPlannersService'...[0m
[move_group-3] [96mLoading 'move_group/MoveGroupStateValidationService'...[0m
[move_group-3] [96mLoading 'move_group/SaveGeometryToFileService'...[0m
[move_group-3] [96mLoading 'pilz_industrial_motion_planner/MoveGroupSequenceAction'...[0m
[move_group-3] [96mLoading 'pilz_industrial_motion_planner/MoveGroupSequenceService'...[0m
[move_group-3] 
[move_group-3] [92mYou can start planning now![0m
[move_group-3] 
[ros2_control_node-5] [INFO] [1777205785.110067375] [controller_manager]: Loading controller : 'arm_controller' of type 'joint_trajectory_controller/JointTrajectoryController'
[ros2_control_node-5] [INFO] [1777205785.110660437] [controller_manager]: Loading controller 'arm_controller'
[ros2_control_node-5] [INFO] [1777205785.125749025] [controller_manager]: Controller 'arm_controller' node arguments: --ros-args --params-file /home/raj123/ros2_ws/src/install/my_robot_moveit_config/share/my_robot_moveit_config/config/ros2_controllers.yaml 
[spawner-6] [INFO] [1777205785.177604617] [spawner_arm_controller]: Loaded arm_controller
[ros2_control_node-5] [INFO] [1777205785.179192469] [controller_manager]: Configuring controller: 'arm_controller'
[ros2_control_node-5] [INFO] [1777205785.180237950] [arm_controller]: No specific joint names are used for command interfaces. Using 'joints' parameter.
[ros2_control_node-5] [INFO] [1777205785.180386397] [arm_controller]: Command interfaces are [position] and state interfaces are [position].
[ros2_control_node-5] [INFO] [1777205785.180483084] [arm_controller]: Using 'splines' interpolation method.
[ros2_control_node-5] [INFO] [1777205785.186603260] [arm_controller]: Action status changes will be monitored at 20.00 Hz.
[ros2_control_node-5] [INFO] [1777205785.193400200] [arm_controller]: Setting initial scaling factor to 1.000000
[ros2_control_node-5] [INFO] [1777205785.193456554] [arm_controller]: No scaling interface set. This controller will not read speed scaling from the hardware.
[ros2_control_node-5] [INFO] [1777205785.208047869] [controller_manager]: Activating controllers: [ arm_controller ]
[ros2_control_node-5] [INFO] [1777205785.216478459] [controller_manager]: Successfully switched controllers!
[spawner-6] [INFO] [1777205785.226285321] [spawner_arm_controller]: Configured and activated arm_controller
[INFO] [spawner-6]: process has finished cleanly [pid 155589]
[ros2_control_node-5] [INFO] [1777205785.514986497] [controller_manager]: Loading controller : 'joint_state_broadcaster' of type 'joint_state_broadcaster/JointStateBroadcaster'
[ros2_control_node-5] [INFO] [1777205785.515045067] [controller_manager]: Loading controller 'joint_state_broadcaster'
[ros2_control_node-5] [INFO] [1777205785.518077652] [controller_manager]: Controller 'joint_state_broadcaster' node arguments: --ros-args --params-file /home/raj123/ros2_ws/src/install/my_robot_moveit_config/share/my_robot_moveit_config/config/ros2_controllers.yaml 
[spawner-7] [INFO] [1777205785.548676302] [spawner_joint_state_broadcaster]: Loaded joint_state_broadcaster
[ros2_control_node-5] [INFO] [1777205785.560709203] [controller_manager]: Configuring controller: 'joint_state_broadcaster'
[ros2_control_node-5] [INFO] [1777205785.561307838] [joint_state_broadcaster]: 'joints' or 'interfaces' parameter is empty. All available state interfaces will be published
[ros2_control_node-5] [INFO] [1777205785.578397196] [controller_manager]: Activating controllers: [ joint_state_broadcaster ]
[ros2_control_node-5] [INFO] [1777205785.584893768] [controller_manager]: Successfully switched controllers!
[spawner-7] [INFO] [1777205785.595988287] [spawner_joint_state_broadcaster]: Configured and activated joint_state_broadcaster
[rviz2-4] [INFO] [1777205785.633057427] [rviz2]: Stereo is NOT SUPPORTED
[rviz2-4] [INFO] [1777205785.633497246] [rviz2]: OpenGl version: 4.5 (GLSL 4.5)
[rviz2-4] [INFO] [1777205785.697543398] [rviz2]: Stereo is NOT SUPPORTED
[INFO] [spawner-7]: process has finished cleanly [pid 155590]
[rviz2-4] Warning: class_loader.impl: SEVERE WARNING!!! A namespace collision has occurred with plugin factory for class rviz_default_plugins::displays::InteractiveMarkerDisplay. New factory will OVERWRITE existing one. This situation occurs when libraries containing plugins are directly linked against an executable (the one running right now generating this message). Please separate plugins out into their own library or just don't link against the library and use either class_loader::ClassLoader/MultiLibraryClassLoader to open.
[rviz2-4]          at line 321 in /opt/ros/jazzy/include/class_loader/class_loader/class_loader_core.hpp
[rviz2-4] [ERROR] [1777205788.995736518] [moveit_2501472137.moveit.ros.motion_planning_frame]: Action server: /recognize_objects not available
[rviz2-4] [INFO] [1777205789.018514679] [moveit_2501472137.moveit.ros.motion_planning_frame]: MoveGroup namespace changed: / -> . Reloading params.
[rviz2-4] [INFO] [1777205790.911377858] [moveit_2501472137.moveit.ros.rdf_loader]: Loaded robot model in 0.430643 seconds
[rviz2-4] [INFO] [1777205790.911509839] [moveit_2501472137.moveit.core.robot_model]: Loading robot model 'my_robot'...
[rviz2-4] [INFO] [1777205790.922797333] [moveit_2501472137.moveit.kinematics.kdl_kinematics_plugin]: Joint weights for group 'arm': 1 1 1 1 1 1
[rviz2-4] [INFO] [1777205790.956552858] [moveit_2501472137.moveit.ros.planning_scene_monitor]: Starting planning scene monitor
[rviz2-4] [INFO] [1777205790.958376142] [moveit_2501472137.moveit.ros.planning_scene_monitor]: Listening to '/monitored_planning_scene'
[rviz2-4] [INFO] [1777205790.975827329] [interactive_marker_display_107162600076864]: Connected on namespace: /rviz_moveit_motion_planning_display/robot_interaction_interactive_marker_topic
[rviz2-4] [INFO] [1777205790.996504154] [moveit_2501472137.moveit.ros.motion_planning_frame]: group arm
[rviz2-4] [INFO] [1777205790.996646404] [moveit_2501472137.moveit.ros.motion_planning_frame]: Constructing new MoveGroup connection for group 'arm' in namespace ''
[rviz2-4] [INFO] [1777205791.016767287] [interactive_marker_display_107162600076864]: Sending request for interactive markers
[rviz2-4] [INFO] [1777205791.022224637] [moveit_2501472137.moveit.ros.move_group_interface]: Ready to take commands for planning group arm.
[rviz2-4] [INFO] [1777205791.030496480] [moveit_2501472137.moveit.ros.motion_planning_frame]: group arm
[rviz2-4] [INFO] [1777205791.034097027] [interactive_marker_display_107162600076864]: Service response received for initialization
[rviz2-4] [INFO] [1777205797.987821526] [moveit_2501472137.moveit.ros.move_group_interface]: MoveGroup action client/server ready
[move_group-3] [INFO] [1777205798.005439555] [move_group.moveit.moveit.ros.move_group.move_action]: MoveGroupMoveAction: Received request
[rviz2-4] [INFO] [1777205798.006496504] [moveit_2501472137.moveit.ros.move_group_interface]: Planning request accepted
[move_group-3] [INFO] [1777205798.006749464] [move_group.moveit.moveit.ros.move_group.move_action]: executing..
[move_group-3] [INFO] [1777205798.010164628] [move_group.moveit.moveit.ros.move_group.move_action]: Planning request received for MoveGroup action. Forwarding to planning pipeline.
[move_group-3] [INFO] [1777205798.010340958] [move_group.moveit.moveit.ros.move_group.capability]: Using planning pipeline 'ompl'
[move_group-3] [INFO] [1777205798.013088797] [move_group]: Calling PlanningRequestAdapter 'ResolveConstraintFrames'
[move_group-3] [INFO] [1777205798.014425915] [move_group]: Calling PlanningRequestAdapter 'ValidateWorkspaceBounds'
[move_group-3] [INFO] [1777205798.014634004] [move_group]: Calling PlanningRequestAdapter 'CheckStartStateBounds'
[move_group-3] [INFO] [1777205798.015641416] [move_group]: Calling PlanningRequestAdapter 'CheckStartStateCollision'
[move_group-3] [INFO] [1777205798.059568554] [move_group.moveit.moveit.planners.ompl.model_based_planning_context]: Planner configuration 'arm' will use planner 'geometric::RRTConnect'. Additional configuration parameters will be set when the planner is constructed.
[move_group-3] [INFO] [1777205798.072745082] [move_group]: Calling Planner 'OMPL'
[ros2_control_node-5] [WARN] [1777205798.632300469] [controller_manager]: Overrun detected! The controller manager missed its desired rate of 100 Hz. The loop took 13.349294 ms (missed cycles : 2).
[ros2_control_node-5] [WARN] [1777205800.100093934] [controller_manager]: Overrun detected! The controller manager missed its desired rate of 100 Hz. The loop took 11.144400 ms (missed cycles : 2).
[ros2_control_node-5] [WARN] [1777205801.179702703] [controller_manager]: Overrun detected! The controller manager missed its desired rate of 100 Hz. The loop took 10.752247 ms (missed cycles : 2).
[move_group-3] [ERROR] [1777205803.081804028] [move_group.moveit.moveit.planners.ompl.model_based_planning_context]: Unable to solve the planning problem
[move_group-3] [ERROR] [1777205803.082179891] [move_group]: Planner 'OMPL' failed with error code FAILURE
[move_group-3] [ERROR] [1777205803.082231462] [move_group.moveit.moveit.ros.move_group.move_action]: Generating a plan with planning pipeline failed.
[move_group-3] [INFO] [1777205803.083100527] [move_group.moveit.moveit.ros.move_group.move_action]: FAILURE
[rviz2-4] [INFO] [1777205803.086364812] [moveit_2501472137.moveit.ros.move_group_interface]: Planning request aborted
[rviz2-4] [ERROR] [1777205803.087304231] [moveit_2501472137.moveit.ros.move_group_interface]: MoveGroupInterface::plan() failed or timeout reached
[ros2_control_node-5] [WARN] [1777205812.952672075] [controller_manager]: Overrun detected! The controller manager missed its desired rate of 100 Hz. The loop took 13.721683 ms (missed cycles : 2).
[ros2_control_node-5] [WARN] [1777205815.053848781] [controller_manager]: Overrun detected! The controller manager missed its desired rate of 100 Hz. The loop took 14.898400 ms (missed cycles : 2).
[ros2_control_node-5] [WARN] [1777205816.173240871] [controller_manager]: Overrun detected! The controller manager missed its desired rate of 100 Hz. The loop took 14.291056 ms (missed cycles : 2).
[ros2_control_node-5] [WARN] [1777205817.473951882] [controller_manager]: Overrun detected! The controller manager missed its desired rate of 100 Hz. The loop took 15.002675 ms (missed cycles : 2).
[ros2_control_node-5] [WARN] [1777205826.139301843] [controller_manager]: Overrun detected! The controller manager missed its desired rate of 100 Hz. The loop took 23.561451 ms (missed cycles : 3).
[ros2_control_node-5] [WARN] [1777205889.650442286] [controller_manager]: Overrun detected! The controller manager missed its desired rate of 100 Hz. The loop took 54.038687 ms (missed cycles : 6).
[ros2_control_node-5] [WARN] [1777205893.665505531] [controller_manager]: Overrun might occur, Total time : 14028.405 us (Expected < 10000.000 us) --> Read time : 39.321 us, Update time : 13975.728 us, Write time : 13.356 us
[ros2_control_node-5] [WARN] [1777205893.687140051] [controller_manager]: Overrun detected! The controller manager missed its desired rate of 100 Hz. The loop took 221.980031 ms (missed cycles : 23).
[ros2_control_node-5] [WARN] [1777205894.707668251] [controller_manager]: Overrun might occur, Total time : 21125.486 us (Expected < 10000.000 us) --> Read time : 38.891 us, Update time : 21072.101 us, Write time : 14.494 us
[ros2_control_node-5] [WARN] [1777205894.708289800] [controller_manager]: Overrun detected! The controller manager missed its desired rate of 100 Hz. The loop took 23.164242 ms (missed cycles : 3).
[ros2_control_node-5] [WARN] [1777205896.085959363] [controller_manager]: Overrun detected! The controller manager missed its desired rate of 100 Hz. The loop took 10.835387 ms (missed cycles : 2).
[ros2_control_node-5] [WARN] [1777205915.926763296] [controller_manager]: Overrun detected! The controller manager missed its desired rate of 100 Hz. The loop took 11.637373 ms (missed cycles : 2).
[ros2_control_node-5] [WARN] [1777205921.029239587] [controller_manager]: Overrun detected! The controller manager missed its desired rate of 100 Hz. The loop took 14.116935 ms (missed cycles : 2).
[ros2_control_node-5] [WARN] [1777205964.574468018] [controller_manager]: Overrun detected! The controller manager missed its desired rate of 100 Hz. The loop took 11.620189 ms (missed cycles : 2).
[ros2_control_node-5] [WARN] [1777205992.832141865] [controller_manager]: Overrun detected! The controller manager missed its desired rate of 100 Hz. The loop took 11.578157 ms (missed cycles : 2).
[ros2_control_node-5] [WARN] [1777206004.361823097] [controller_manager]: Overrun detected! The controller manager missed its desired rate of 100 Hz. The loop took 11.260295 ms (missed cycles : 2).
[ros2_control_node-5] [WARN] [1777206038.389922193] [controller_manager]: Overrun detected! The controller manager missed its desired rate of 100 Hz. The loop took 31.493224 ms (missed cycles : 4).
[ros2_control_node-5] [WARN] [1777206040.931150013] [controller_manager]: Overrun detected! The controller manager missed its desired rate of 100 Hz. The loop took 12.720990 ms (missed cycles : 2).
[ros2_control_node-5] [WARN] [1777206094.101174175] [controller_manager]: Overrun detected! The controller manager missed its desired rate of 100 Hz. The loop took 10.197602 ms (missed cycles : 2).
